exports[`Button-21 1`] = `
<div>
  <div
    style={
      Object {
        "display": "flex",
        "justifyContent": "space-around",
        "marginBottom": 16,
      }
    }>
    <button
      className="Button__StyledButton-vzm0lb-0 hRDKgG AbstractButton-as2i6-0 grcywE"
      type="button">
      Primary
    </button>
    <button
      className="Button__StyledButton-vzm0lb-0 kSejIY AbstractButton-as2i6-0 grcywE"
      type="button">
      Secondary
    </button>
    <button
      className="Button__StyledButton-vzm0lb-0 hQOrmn AbstractButton-as2i6-0 grcywE"
      type="button">
      Success
    </button>
    <button
      className="Button__StyledButton-vzm0lb-0 akBlN AbstractButton-as2i6-0 grcywE"
      type="button">
      Info
    </button>
    <button
      className="Button__StyledButton-vzm0lb-0 jEmTbn AbstractButton-as2i6-0 grcywE"
      type="button">
      Warning
    </button>
    <button
      className="Button__StyledButton-vzm0lb-0 bGxQUx AbstractButton-as2i6-0 grcywE"
      type="button">
      Danger
    </button>
    <button
      className="Button__StyledButton-vzm0lb-0 iCtyuI AbstractButton-as2i6-0 grcywE"
      type="button">
      Link
    </button>
  </div>
  <div
    style={
      Object {
        "display": "flex",
        "justifyContent": "space-around",
      }
    }>
    <button
      className="Button__StyledButton-vzm0lb-0 hRDKgG AbstractButton-as2i6-0 grcywE"
      style={
        Object {
          "fontSize": "4em",
        }
      }
      type="button">
      Large Button
    </button>
  </div>
</div>
`;
