exports[`Button-11 1`] = `
<div
  style={
    Object {
      "display": "flex",
      "flexDirection": "column",
    }
  }>
  <button
    className="Button__StyledButton-vzm0lb-0 bvTNJz AbstractButton-as2i6-0 grcywE"
    style={
      Object {
        "marginBottom": "8px",
      }
    }
    type="button">
    Primary
  </button>
  <button
    className="Button__StyledButton-vzm0lb-0 jYrxaR AbstractButton-as2i6-0 grcywE"
    style={
      Object {
        "marginBottom": "8px",
      }
    }
    type="button">
    Secondary
  </button>
  <button
    className="Button__StyledButton-vzm0lb-0 lmQLwi AbstractButton-as2i6-0 grcywE"
    style={
      Object {
        "marginBottom": "8px",
      }
    }
    type="button">
    Success
  </button>
  <button
    className="Button__StyledButton-vzm0lb-0 ozyrc AbstractButton-as2i6-0 grcywE"
    style={
      Object {
        "marginBottom": "8px",
      }
    }
    type="button">
    Info
  </button>
  <button
    className="Button__StyledButton-vzm0lb-0 coFcfO AbstractButton-as2i6-0 grcywE"
    style={
      Object {
        "marginBottom": "8px",
      }
    }
    type="button">
    Warning
  </button>
  <button
    className="Button__StyledButton-vzm0lb-0 gnaDUo AbstractButton-as2i6-0 grcywE"
    style={
      Object {
        "marginBottom": "8px",
      }
    }
    type="button">
    Danger
  </button>
  <button
    className="Button__StyledButton-vzm0lb-0 gdaZuN AbstractButton-as2i6-0 grcywE"
    type="button">
    Link
  </button>
</div>
`;
