exports[`Button-15 1`] = `
<div>
  <div
    style={
      Object {
        "display": "flex",
        "justifyContent": "space-around",
        "marginBottom": 16,
      }
    }>
    <button
      className="Button__StyledButton-vzm0lb-0 iieSDG AbstractButton-as2i6-0 grcywE"
      type="button">
      Primary
    </button>
    <button
      className="Button__StyledButton-vzm0lb-0 ekJkiP AbstractButton-as2i6-0 grcywE"
      type="button">
      Secondary
    </button>
    <button
      className="Button__StyledButton-vzm0lb-0 hyPXEC AbstractButton-as2i6-0 grcywE"
      type="button">
      Success
    </button>
    <button
      className="Button__StyledButton-vzm0lb-0 ftUVxV AbstractButton-as2i6-0 grcywE"
      type="button">
      Info
    </button>
    <button
      className="Button__StyledButton-vzm0lb-0 gImrkM AbstractButton-as2i6-0 grcywE"
      type="button">
      Warning
    </button>
    <button
      className="Button__StyledButton-vzm0lb-0 bYQOnJ AbstractButton-as2i6-0 grcywE"
      type="button">
      Danger
    </button>
    <button
      className="Button__StyledButton-vzm0lb-0 iCtyuI AbstractButton-as2i6-0 grcywE"
      type="button">
      Link
    </button>
  </div>
  <div
    style={
      Object {
        "display": "flex",
        "justifyContent": "space-around",
      }
    }>
    <button
      className="Button__StyledButton-vzm0lb-0 iieSDG AbstractButton-as2i6-0 grcywE"
      style={
        Object {
          "fontSize": "4em",
        }
      }
      type="button">
      Large Button
    </button>
  </div>
</div>
`;
