exports[`Button-9 1`] = `
<div
  style={
    Object {
      "display": "flex",
      "justifyContent": "space-around",
    }
  }>
  <button
    className="AbstractButton-yv1oh8-0 jZWmzk"
    type="button">
    Primary
  </button>
  <button
    className="AbstractButton-yv1oh8-0 jZWmzk"
    type="button">
    Secondary
  </button>
  <button
    className="AbstractButton-yv1oh8-0 jZWmzk"
    type="button">
    Success
  </button>
  <button
    className="AbstractButton-yv1oh8-0 jZWmzk"
    type="button">
    Info
  </button>
  <button
    className="AbstractButton-yv1oh8-0 jZWmzk"
    type="button">
    Warning
  </button>
  <button
    className="AbstractButton-yv1oh8-0 jZWmzk"
    type="button">
    Danger
  </button>
  <button
    className="Button__LinkButton-s11d147o-0 fzEaRD AbstractButton-yv1oh8-0 jZWmzk"
    type="button">
    Link
  </button>
</div>
`;
