exports[`Button-19 1`] = `
<div>
  <div
    style={
      Object {
        "display": "flex",
        "justifyContent": "space-around",
        "marginBottom": 16,
      }
    }>
    <button
      className="Button__StyledButton-vzm0lb-0 csTmVT AbstractButton-as2i6-0 grcywE"
      type="button">
      Primary
    </button>
    <button
      className="Button__StyledButton-vzm0lb-0 bPQbfI AbstractButton-as2i6-0 grcywE"
      type="button">
      Secondary
    </button>
    <button
      className="Button__StyledButton-vzm0lb-0 hCyAik AbstractButton-as2i6-0 grcywE"
      type="button">
      Success
    </button>
    <button
      className="Button__StyledButton-vzm0lb-0 hjOHQB AbstractButton-as2i6-0 grcywE"
      type="button">
      Info
    </button>
    <button
      className="Button__StyledButton-vzm0lb-0 cvhFFw AbstractButton-as2i6-0 grcywE"
      type="button">
      Warning
    </button>
    <button
      className="Button__StyledButton-vzm0lb-0 eNPIwk AbstractButton-as2i6-0 grcywE"
      type="button">
      Danger
    </button>
    <button
      className="Button__StyledButton-vzm0lb-0 jaCNwK AbstractButton-as2i6-0 grcywE"
      type="button">
      Link
    </button>
  </div>
  <div
    style={
      Object {
        "display": "flex",
        "justifyContent": "space-around",
      }
    }>
    <button
      className="Button__StyledButton-vzm0lb-0 csTmVT AbstractButton-as2i6-0 grcywE"
      style={
        Object {
          "fontSize": "4em",
        }
      }
      type="button">
      Large Button
    </button>
  </div>
</div>
`;
