exports[`Button-21 1`] = `
<div>
  <div
    style={
      Object {
        "display": "flex",
        "justifyContent": "space-around",
        "marginBottom": 16,
      }
    }>
    <button
      className="Button__StyledButton-s1uynn61-0 eFycGa AbstractButton-as2i6-0 grcywE"
      type="button">
      Primary
    </button>
    <button
      className="Button__StyledButton-s1uynn61-0 kOMWEx AbstractButton-as2i6-0 grcywE"
      type="button">
      Secondary
    </button>
    <button
      className="Button__StyledButton-s1uynn61-0 eRBjwt AbstractButton-as2i6-0 grcywE"
      type="button">
      Success
    </button>
    <button
      className="Button__StyledButton-s1uynn61-0 gwcYVP AbstractButton-as2i6-0 grcywE"
      type="button">
      Info
    </button>
    <button
      className="Button__StyledButton-s1uynn61-0 dIOWEB AbstractButton-as2i6-0 grcywE"
      type="button">
      Warning
    </button>
    <button
      className="Button__StyledButton-s1uynn61-0 iwaCaV AbstractButton-as2i6-0 grcywE"
      type="button">
      Danger
    </button>
    <button
      className="Button__StyledButton-s1uynn61-0 bejgVJ AbstractButton-as2i6-0 grcywE"
      type="button">
      Link
    </button>
  </div>
  <div
    style={
      Object {
        "display": "flex",
        "justifyContent": "space-around",
      }
    }>
    <button
      className="Button__StyledButton-s1uynn61-0 eFycGa AbstractButton-as2i6-0 grcywE"
      style={
        Object {
          "fontSize": "4em",
        }
      }
      type="button">
      Large Button
    </button>
  </div>
</div>
`;
