exports[`ColorInput-1 1`] = `
<form>
  <div
    className="AbstractFormGroup-tkngu1-0 eokBqu">
    <span
      className="AbstractLabelText-s23cj7l-0 cskoKL"
      style={Object {}}>
      Color
    </span>
    <div
      style={Object {}}>
      <div>
        <button
          className="ColorInput__Button-s1wtvd6r-0 hIFmXq AbstractButton-yv1oh8-0 jZWmzk"
          style={
            Object {
              "background": "#663399",
            }
          }
          type="button">
           
        </button>
      </div>
      <div
        className="AbstractValidationMessage-wkt75j-0 ctiQvH">
         
      </div>
    </div>
  </div>
  <pre
    style={
      Object {
        "border": "5px solid",
        "borderColor": "#663399",
        "borderRadius": "1em",
        "padding": "1em",
      }
    }>
    <code>
      {
        \"color\": \"#663399\"
      }
    </code>
  </pre>
</form>
`;
