exports[`Jumbotron-5 1`] = `
<div>
  <div
    className="Jumbotron__StyledJumbotron-s1fogrr-0 eqFNOx"
    style={
      Object {
        "marginBottom": "16px",
      }
    }>
    Normal size but with big corners
  </div>
  <div
    className="Jumbotron__StyledJumbotron-s1fogrr-0 eqFNOx"
    style={
      Object {
        "fontSize": "4em",
      }
    }>
    Eveng bigger jumbotron
  </div>
</div>
`;
