exports[`NumberInput-1 1`] = `
<form>
  <label
    className="Label__TextLabel-vi4hym-0 jXEHlv">
    <span
      className="Label__TextLabelName-vi4hym-1 eCjIqc">
      Date Time
    </span>
    <div
      className="TextInput__TextInputContainer-s66btii-0 hjpwKl">
      <input
        className="TextInput__TextInputStyled-s66btii-1 eTUroj"
        name="myNumber"
        type="tel"
        value="42" />
    </div>
    <p
      className="Label__ValidationMessage-vi4hym-2 cUvzuP"
      style={
        Object {
          "opacity": 0,
        }
      }>
       
    </p>
  </label>
  <pre>
    <code>
      {
        \"myNumber\": 42
      }
    </code>
  </pre>
</form>
`;
