exports[`TextInput-3 1`] = `
<form>
  <label
    className="AbstractFormGroup-tkngu1-0 fEUGRx">
    <span
      className="AbstractLabelText-s23cj7l-0 cskoKL"
      style={Object {}}>
      Slug
    </span>
    <div
      style={Object {}}>
      <div
        className="AbstractInputBox-s1jsyi13-0 Cgwuu">
        <input
          className="AbstractInputCore__StyledAbstractInputCore-d7obel-0 dQktlL"
          name="slug"
          type="text"
          value="" />
      </div>
      <div
        className="AbstractValidationMessage-wkt75j-0 ctiQvH">
         
      </div>
    </div>
  </label>
  <label
    className="AbstractFormGroup-tkngu1-0 fEUGRx">
    <span
      className="AbstractLabelText-s23cj7l-0 cskoKL"
      style={Object {}}>
      Time
    </span>
    <div
      style={Object {}}>
      <div
        className="AbstractInputBox-s1jsyi13-0 Cgwuu">
        <input
          className="AbstractInputCore__StyledAbstractInputCore-d7obel-0 dQktlL"
          name="time"
          type="time"
          value="" />
      </div>
      <div
        className="AbstractValidationMessage-wkt75j-0 ctiQvH">
        Please enter a valid time
      </div>
    </div>
  </label>
</form>
`;
