exports[`TextInput-1 1`] = `
<form>
  <label
    className="AbstractFormGroup-tkngu1-0 fEUGRx">
    <span
      className="AbstractLabelText-s23cj7l-0 cskoKL"
      style={Object {}}>
      Text field
    </span>
    <div
      style={Object {}}>
      <div
        className="AbstractInputBox-s1jsyi13-0 Cgwuu">
        <input
          className="AbstractInputCore__StyledAbstractInputCore-d7obel-0 dQktlL"
          name="myText"
          type="text"
          value="" />
      </div>
      <div
        className="AbstractValidationMessage-wkt75j-0 ctiQvH">
         
      </div>
    </div>
  </label>
  <label
    className="AbstractFormGroup-tkngu1-0 fEUGRx">
    <span
      className="AbstractLabelText-s23cj7l-0 cskoKL"
      style={Object {}}>
      Search field
    </span>
    <div
      style={Object {}}>
      <div
        className="AbstractInputBox-s1jsyi13-0 Cgwuu">
        <input
          className="AbstractInputCore__StyledAbstractInputCore-d7obel-0 dQktlL"
          name="mySearch"
          type="search"
          value="" />
      </div>
      <div
        className="AbstractValidationMessage-wkt75j-0 ctiQvH">
         
      </div>
    </div>
  </label>
  <label
    className="AbstractFormGroup-tkngu1-0 fEUGRx">
    <span
      className="AbstractLabelText-s23cj7l-0 cskoKL"
      style={Object {}}>
      Email field
    </span>
    <div
      style={Object {}}>
      <div
        className="AbstractInputBox-s1jsyi13-0 Cgwuu">
        <input
          className="AbstractInputCore__StyledAbstractInputCore-d7obel-0 dQktlL"
          name="myEmail"
          type="email"
          value="" />
      </div>
      <div
        className="AbstractValidationMessage-wkt75j-0 ctiQvH">
        Please enter a valid e-mail address
      </div>
    </div>
  </label>
  <label
    className="AbstractFormGroup-tkngu1-0 fEUGRx">
    <span
      className="AbstractLabelText-s23cj7l-0 cskoKL"
      style={Object {}}>
      URL field
    </span>
    <div
      style={Object {}}>
      <div
        className="AbstractInputBox-s1jsyi13-0 Cgwuu">
        <input
          className="AbstractInputCore__StyledAbstractInputCore-d7obel-0 dQktlL"
          name="myURL"
          type="url"
          value="" />
      </div>
      <div
        className="AbstractValidationMessage-wkt75j-0 ctiQvH">
        Please enter a valid, absolute url
      </div>
    </div>
  </label>
  <label
    className="AbstractFormGroup-tkngu1-0 fEUGRx">
    <span
      className="AbstractLabelText-s23cj7l-0 cskoKL"
      style={Object {}}>
      Password field
    </span>
    <div
      style={Object {}}>
      <div
        className="AbstractInputBox-s1jsyi13-0 Cgwuu">
        <input
          className="AbstractInputCore__StyledAbstractInputCore-d7obel-0 dQktlL"
          name="myPassword"
          type="password"
          value="" />
      </div>
      <div
        className="AbstractValidationMessage-wkt75j-0 ctiQvH">
         
      </div>
    </div>
  </label>
  <label
    className="AbstractFormGroup-tkngu1-0 fEUGRx">
    <span
      className="AbstractLabelText-s23cj7l-0 cskoKL"
      style={Object {}}>
      Date field
    </span>
    <div
      style={Object {}}>
      <div
        className="AbstractInputBox-s1jsyi13-0 Cgwuu">
        <input
          className="AbstractInputCore__StyledAbstractInputCore-d7obel-0 dQktlL"
          name="myDate"
          type="date"
          value="" />
      </div>
      <div
        className="AbstractValidationMessage-wkt75j-0 ctiQvH">
        Please enter a valid date
      </div>
    </div>
  </label>
  <label
    className="AbstractFormGroup-tkngu1-0 fEUGRx">
    <span
      className="AbstractLabelText-s23cj7l-0 cskoKL"
      style={Object {}}>
      Time field
    </span>
    <div
      style={Object {}}>
      <div
        className="AbstractInputBox-s1jsyi13-0 Cgwuu">
        <input
          className="AbstractInputCore__StyledAbstractInputCore-d7obel-0 dQktlL"
          name="myTime"
          type="time"
          value="" />
      </div>
      <div
        className="AbstractValidationMessage-wkt75j-0 ctiQvH">
        Please enter a valid time
      </div>
    </div>
  </label>
  <pre>
    <code>
      {
        \"myText\": null,
        \"mySearch\": null,
        \"myEmail\": null,
        \"myURL\": null,
        \"myPassword\": null,
        \"myDate\": null,
        \"myTime\": null
      }
    </code>
  </pre>
</form>
`;
