exports[`TextInput-1 1`] = `
<form>
  <label
    className="TextInput__TextLabel-ojbxtw-0 jOXkMF">
    <span
      className="TextInput__TextLabelName-ojbxtw-1 hoETtL">
      Text field
    </span>
    <div
      className="TextInput__TextInputContainer-ojbxtw-2 cvaDda">
      <input
        className="TextInput__TextInputStyled-ojbxtw-3 jpyTVt"
        name="myText"
        type="text"
        value="" />
    </div>
    <p
      className="TextInput__ValidationMessage-ojbxtw-4 bxkZgB"
      style={
        Object {
          "opacity": 0,
        }
      }>
      Enter no more than 3 characters
    </p>
  </label>
  <label
    className="TextInput__TextLabel-ojbxtw-0 jOXkMF">
    <span
      className="TextInput__TextLabelName-ojbxtw-1 hoETtL">
      Search field
    </span>
    <div
      className="TextInput__TextInputContainer-ojbxtw-2 lhBelk">
      <input
        className="TextInput__TextInputStyled-ojbxtw-3 jpyTVt"
        name="mySearch"
        type="search"
        value="" />
    </div>
    <p
      className="TextInput__ValidationMessage-ojbxtw-4 bxkZgB"
      style={
        Object {
          "opacity": 0,
        }
      }>
       
    </p>
  </label>
  <label
    className="TextInput__TextLabel-ojbxtw-0 jOXkMF">
    <span
      className="TextInput__TextLabelName-ojbxtw-1 hoETtL">
      Email field
    </span>
    <div
      className="TextInput__TextInputContainer-ojbxtw-2 cvaDda">
      <input
        className="TextInput__TextInputStyled-ojbxtw-3 jpyTVt"
        name="myEmail"
        type="email"
        value="" />
    </div>
    <p
      className="TextInput__ValidationMessage-ojbxtw-4 bxkZgB"
      style={
        Object {
          "opacity": 0,
        }
      }>
      Please enter a valid e-mail address
    </p>
  </label>
  <label
    className="TextInput__TextLabel-ojbxtw-0 jOXkMF">
    <span
      className="TextInput__TextLabelName-ojbxtw-1 hoETtL">
      URL field
    </span>
    <div
      className="TextInput__TextInputContainer-ojbxtw-2 cvaDda">
      <input
        className="TextInput__TextInputStyled-ojbxtw-3 jpyTVt"
        name="myURL"
        type="url"
        value="" />
    </div>
    <p
      className="TextInput__ValidationMessage-ojbxtw-4 bxkZgB"
      style={
        Object {
          "opacity": 0,
        }
      }>
      Please enter a valid, absolute url
    </p>
  </label>
  <label
    className="TextInput__TextLabel-ojbxtw-0 jOXkMF">
    <span
      className="TextInput__TextLabelName-ojbxtw-1 hoETtL">
      Password field
    </span>
    <div
      className="TextInput__TextInputContainer-ojbxtw-2 cvaDda">
      <input
        className="TextInput__TextInputStyled-ojbxtw-3 jpyTVt"
        name="myPassword"
        type="password"
        value="" />
    </div>
    <p
      className="TextInput__ValidationMessage-ojbxtw-4 bxkZgB"
      style={
        Object {
          "opacity": 0,
        }
      }>
       
    </p>
  </label>
  <label
    className="TextInput__TextLabel-ojbxtw-0 jOXkMF">
    <span
      className="TextInput__TextLabelName-ojbxtw-1 hoETtL">
      Date field
    </span>
    <div
      className="TextInput__TextInputContainer-ojbxtw-2 cvaDda">
      <input
        className="TextInput__TextInputStyled-ojbxtw-3 jpyTVt"
        name="myDate"
        type="date"
        value="" />
    </div>
    <p
      className="TextInput__ValidationMessage-ojbxtw-4 bxkZgB"
      style={
        Object {
          "opacity": 0,
        }
      }>
      Please enter a valid date
    </p>
  </label>
  <label
    className="TextInput__TextLabel-ojbxtw-0 jOXkMF">
    <span
      className="TextInput__TextLabelName-ojbxtw-1 hoETtL">
      Time field
    </span>
    <div
      className="TextInput__TextInputContainer-ojbxtw-2 cvaDda">
      <input
        className="TextInput__TextInputStyled-ojbxtw-3 jpyTVt"
        name="myTime"
        type="time"
        value="" />
    </div>
    <p
      className="TextInput__ValidationMessage-ojbxtw-4 bxkZgB"
      style={
        Object {
          "opacity": 0,
        }
      }>
      Please enter a valid time
    </p>
  </label>
  <pre>
    <code>
      {
        \"myText\": null,
        \"mySearch\": null,
        \"myEmail\": null,
        \"myURL\": null,
        \"myPassword\": null,
        \"myDate\": null,
        \"myTime\": null
      }
    </code>
  </pre>
</form>
`;
