exports[`UTCDateTimeInput-1 1`] = `
<form>
  <label
    className="Label__TextLabel-vi4hym-0 jXEHlv">
    <span
      className="Label__TextLabelName-vi4hym-1 eCjIqc">
      Date Time
    </span>
    <div
      className="TextInput__TextInputContainer-s66btii-0 hjpwKl">
      <input
        className="TextInput__TextInputStyled-s66btii-1 eTUroj"
        name="myDateTime"
        type="datetime-local"
        value="" />
    </div>
    <p
      className="Label__ValidationMessage-vi4hym-2 cUvzuP"
      style={
        Object {
          "opacity": 0,
        }
      }>
       
    </p>
  </label>
  <label
    className="Label__TextLabel-vi4hym-0 jXEHlv">
    <span
      className="Label__TextLabelName-vi4hym-1 eCjIqc">
      Summer Time
    </span>
    <div
      className="TextInput__TextInputContainer-s66btii-0 hjpwKl">
      <input
        className="TextInput__TextInputStyled-s66btii-1 eTUroj"
        name="summer"
        type="datetime-local"
        value="2017-06-01T14:00:00" />
    </div>
    <p
      className="Label__ValidationMessage-vi4hym-2 cUvzuP"
      style={
        Object {
          "opacity": 0,
        }
      }>
       
    </p>
  </label>
  <label
    className="Label__TextLabel-vi4hym-0 jXEHlv">
    <span
      className="Label__TextLabelName-vi4hym-1 eCjIqc">
      Winter Time
    </span>
    <div
      className="TextInput__TextInputContainer-s66btii-0 hjpwKl">
      <input
        className="TextInput__TextInputStyled-s66btii-1 eTUroj"
        name="winter"
        type="datetime-local"
        value="2017-12-01T13:00:00" />
    </div>
    <p
      className="Label__ValidationMessage-vi4hym-2 cUvzuP"
      style={
        Object {
          "opacity": 0,
        }
      }>
       
    </p>
  </label>
  <pre>
    <code>
      {
        \"myDateTime\": null,
        \"summer\": \"2017-06-01T13:00:00.000Z\",
        \"winter\": \"2017-12-01T13:00:00.000Z\"
      }
    </code>
  </pre>
</form>
`;
