exports[`UTCDateTimeInput-1 1`] = `
<form>
  <label
    className="AbstractFormGroup-tkngu1-0 fEUGRx">
    <span
      className="AbstractLabelText-s23cj7l-0 cskoKL"
      style={Object {}}>
      Date Time
    </span>
    <div
      style={Object {}}>
      <div
        className="AbstractInputBox-s1jsyi13-0 Cgwuu">
        <input
          className="AbstractInputCore__StyledAbstractInputCore-d7obel-0 dQktlL"
          name="myDateTime"
          type="datetime-local"
          value="" />
      </div>
      <div
        className="AbstractValidationMessage-wkt75j-0 ctiQvH">
        Please enter a valid date and time
      </div>
    </div>
  </label>
  <label
    className="AbstractFormGroup-tkngu1-0 fEUGRx">
    <span
      className="AbstractLabelText-s23cj7l-0 cskoKL"
      style={Object {}}>
      Summer Time
    </span>
    <div
      style={Object {}}>
      <div
        className="AbstractInputBox-s1jsyi13-0 Cgwuu">
        <input
          className="AbstractInputCore__StyledAbstractInputCore-d7obel-0 dQktlL"
          name="summer"
          type="datetime-local"
          value="2017-06-01T14:00:00" />
      </div>
      <div
        className="AbstractValidationMessage-wkt75j-0 ctiQvH">
        Please enter a valid date and time
      </div>
    </div>
  </label>
  <label
    className="AbstractFormGroup-tkngu1-0 fEUGRx">
    <span
      className="AbstractLabelText-s23cj7l-0 cskoKL"
      style={Object {}}>
      Winter Time
    </span>
    <div
      style={Object {}}>
      <div
        className="AbstractInputBox-s1jsyi13-0 Cgwuu">
        <input
          className="AbstractInputCore__StyledAbstractInputCore-d7obel-0 dQktlL"
          name="winter"
          type="datetime-local"
          value="2017-12-01T13:00:00" />
      </div>
      <div
        className="AbstractValidationMessage-wkt75j-0 ctiQvH">
        Please enter a valid date and time
      </div>
    </div>
  </label>
  <pre>
    <code>
      {
        \"myDateTime\": null,
        \"summer\": \"2017-06-01T13:00:00.000Z\",
        \"winter\": \"2017-12-01T13:00:00.000Z\"
      }
    </code>
  </pre>
</form>
`;
